<!DOCTYPE html><html data-version=testFixture><head><meta charset=utf8><title>Single Page with two Stylesheets.</title><style>body{background:red}h1{color:green}</style></head><body><h1>Hello World</h1></body></html>